<html>
<body>
<pre>
<h1>µVision Build Log</h1>
<h2>Tool Versions:</h2>
IDE-Version: £gVision V5.22.0.0
Copyright (C) 2016 ARM Ltd and ARM Germany GmbH. All rights reserved.
License Information:  gf user, SYNNEX, LIC=----
 
Tool Versions:
Toolchain:       MDK-Lite  Version: 5.22
Toolchain Path:  C:\Keil_v5\ARM\ARMCC\Bin
C Compiler:      Armcc.exe V5.06 update 4 (build 422)
Assembler:       Armasm.exe V5.06 update 4 (build 422)
Linker/Locator:  ArmLink.exe V5.06 update 4 (build 422)
Library Manager: ArmAr.exe V5.06 update 4 (build 422)
Hex Converter:   FromElf.exe V5.06 update 4 (build 422)
CPU DLL:         SARMCM3.DLL V5.22
Dialog DLL:      DARMCM1.DLL V1.15.0.0
Target DLL:      STLink\ST-LINKIII-KEIL_SWO.dll V2.0.18.0
Dialog DLL:      TARMCM1.DLL V1.11.0.0
 
<h2>Project:</h2>
E:\115\STM32F0xx_StdPeriph_Lib_V1.5.0\projectss\8Key\M0_EEPORM\IQS3168Key\MDK-ARM\eeporm.uvprojx
Project File Date:  11/22/2017

<h2>Output:</h2>
*** Using Compiler 'V5.06 update 4 (build 422)', folder: 'C:\Keil_v5\ARM\ARMCC\Bin'
Build target 'eeporm'
assembling startup_stm32f030x8.s...
compiling stm32f0xx_hal_tim.c...
compiling stm32f0xx_hal_uart_ex.c...
compiling stm32f0xx_hal_spi_ex.c...
compiling stm32f0xx_hal_rcc.c...
compiling stm32f0xx_hal_uart.c...
compiling stm32f0xx_hal_rcc_ex.c...
compiling stm32f0xx_hal_spi.c...
compiling stm32f0xx_hal_pwr.c...
compiling stm32f0xx_hal_dma.c...
compiling stm32f0xx_hal_flash.c...
compiling stm32f0xx_hal_i2c.c...
compiling stm32f0xx_hal_i2c_ex.c...
compiling stm32f0xx_hal_tim_ex.c...
compiling stm32f0xx_hal_gpio.c...
compiling stm32f0xx_hal_pwr_ex.c...
compiling stm32f0xx_hal.c...
compiling stm32f0xx_hal_cortex.c...
compiling stm32f0xx_hal_flash_ex.c...
compiling system_stm32f0xx.c...
compiling main.c...
compiling stm32f0xx_it.c...
compiling stm32f0xx_hal_msp.c...
compiling hwcfg.c...
compiling IQS316_drv.c...
..\Src\IQS316_drv.c(321): warning:  #177-D: variable "TouchNumber"  was declared but never referenced
  	uint8_t TouchNumber;
..\Src\IQS316_drv.c(368): warning:  #177-D: variable "TouchNumber"  was declared but never referenced
  	uint8_t TouchNumber;
..\Src\IQS316_drv.c(432): warning:  #177-D: variable "rui8Data"  was declared but never referenced
  	uint8_t ui8Header, rui8Data[10], newaddress;
..\Src\IQS316_drv.c: 3 warnings, 0 errors
linking...
Program Size: Code=7764 RO-data=236 RW-data=24 ZI-data=1312  
"eeporm\IQS316_8Key.axf" - 0 Error(s), 3 Warning(s).

<h2>Software Packages used:</h2>

Package Vendor: ARM
                http://www.keil.com/pack/ARM.CMSIS.5.1.0.pack
                ARM::CMSIS:CORE:5.0.2
                CMSIS (Cortex Microcontroller Software Interface Standard)
   * Component: CORE Version: 5.0.2

<h2>Collection of Component include folders:</h2>
  E:\115\STM32F0xx_StdPeriph_Lib_V1.5.0\projectss\8Key\M0_EEPORM\IQS3168Key\MDK-ARM\RTE\_eeporm
  C:\Keil_v5\ARM\PACK\ARM\CMSIS\5.1.0\CMSIS\Include
  C:\Keil_v5\ARM\PACK\Keil\STM32F0xx_DFP\1.5.0\Device\Include

<h2>Collection of Component Files used:</h2>

   * Component: ARM::CMSIS:CORE:5.0.2
Build Time Elapsed:  00:00:03
</pre>
</body>
</html>
